Last login: Tue Feb 11 14:04:04 on console
maclab-109:~ benko005$ ls
Applications	Documents	Library		Music		Public
Desktop		Downloads	Movies		Pictures	PycharmProjects
maclab-109:~ benko005$ cd desktop
maclab-109:desktop benko005$ cd ..
maclab-109:~ benko005$ cd downloads
maclab-109:downloads benko005$ cd ../dcouments
-bash: cd: ../dcouments: No such file or directory
maclab-109:downloads benko005$ cd ..Ddocuments
-bash: cd: ..Ddocuments: No such file or directory
maclab-109:downloads benko005$ cd ..Documents
-bash: cd: ..Documents: No such file or directory
maclab-109:downloads benko005$ cd ../Documents
maclab-109:Documents benko005$ ls
Navigation.txt		WhatIsTheShell.txt
maclab-109:Documents benko005$ cd ..
maclab-109:~ benko005$ ls
Applications	Documents	Library		Music		Public
Desktop		Downloads	Movies		Pictures	PycharmProjects
maclab-109:~ benko005$ cd ../Documents
-bash: cd: ../Documents: No such file or directory
maclab-109:~ benko005$ ls
Applications	Documents	Library		Music		Public
Desktop		Downloads	Movies		Pictures	PycharmProjects
maclab-109:~ benko005$ cd ../Documents
-bash: cd: ../Documents: No such file or directory
maclab-109:~ benko005$ cd /PycharmProjects
-bash: cd: /PycharmProjects: No such file or directory
maclab-109:~ benko005$ cd /PycharmProjects
-bash: cd: /PycharmProjects: No such file or directory
maclab-109:~ benko005$ cd PycharmProjects
maclab-109:PycharmProjects benko005$ ls
Rizzo-Paul	untitled
maclab-109:PycharmProjects benko005$ cd RizzoPaul
-bash: cd: RizzoPaul: No such file or directory
maclab-109:PycharmProjects benko005$ cd Rizzo-Paul
maclab-109:Rizzo-Paul benko005$ ls
maclab-109:Rizzo-Paul benko005$ ls ~/Documents/
Navigation.txt		WhatIsTheShell.txt
maclab-109:Rizzo-Paul benko005$ pwd
/Users/benko005/PycharmProjects/Rizzo-Paul
maclab-109:Rizzo-Paul benko005$ mv ~/Documents/WhatIsTheShellOutput.txt .
mv: rename /Users/benko005/Documents/WhatIsTheShellOutput.txt to ./WhatIsTheShellOutput.txt: No such file or directory
maclab-109:Rizzo-Paul benko005$ ls ~/Documents
Navigation.txt		WhatIsTheShell.txt
maclab-109:Rizzo-Paul benko005$ mv ~/Documents/WhatIsTheShell.txt .
maclab-109:Rizzo-Paul benko005$ ls ~/Documents
Navigation.txt
maclab-109:Rizzo-Paul benko005$ ls
WhatIsTheShell.txt
maclab-109:Rizzo-Paul benko005$ git status
On branch master

No commits yet

Untracked files:
  (use "git add <file>..." to include in what will be committed)

	.idea/
	WhatIsTheShell.txt

nothing added to commit but untracked files present (use "git add" to track)
maclab-109:Rizzo-Paul benko005$ git add WhatIsTheShell_Gamma.txt
fatal: pathspec 'WhatIsTheShell_Gamma.txt' did not match any files
maclab-109:Rizzo-Paul benko005$ git add WhatIsTheShellOutput_Gamma.txt
fatal: pathspec 'WhatIsTheShellOutput_Gamma.txt' did not match any files
maclab-109:Rizzo-Paul benko005$ git add WhatIsTheShell_Gamma.txt
fatal: pathspec 'WhatIsTheShell_Gamma.txt' did not match any files
maclab-109:Rizzo-Paul benko005$ ls
WhatIsTheShell.txt
maclab-109:Rizzo-Paul benko005$ mv WhatIsTheShell.txt WhatIsTheShell_Gamma.txt 
maclab-109:Rizzo-Paul benko005$ ls
WhatIsTheShell_Gamma.txt
maclab-109:Rizzo-Paul benko005$ git add WhatIsTheShell_Gamma.txt
maclab-109:Rizzo-Paul benko005$ git commit -m "yeet"
[master (root-commit) 2995aa1] yeet
 Committer: Rizzo <benko005@maclab-109.uwp.edu>
Your name and email address were configured automatically based
on your username and hostname. Please check that they are accurate.
You can suppress this message by setting them explicitly. Run the
following command and follow the instructions in your editor to edit
your configuration file:

    git config --global --edit

After doing this, you may fix the identity used for this commit with:

    git commit --amend --reset-author

 1 file changed, 100 insertions(+)
 create mode 100644 WhatIsTheShell_Gamma.txt
maclab-109:Rizzo-Paul benko005$ git push
Username for 'https://github.com': PaulieRizzo
Password for 'https://PaulieRizzo@github.com': 
Enumerating objects: 3, done.
Counting objects: 100% (3/3), done.
Delta compression using up to 6 threads
Compressing objects: 100% (3/3), done.
Writing objects: 100% (3/3), 1.35 KiB | 1.35 MiB/s, done.
Total 3 (delta 0), reused 0 (delta 0)
To https://github.com/UW-ParksidePhysics/Rizzo-Paul.git
 * [new branch]      master -> master
maclab-109:Rizzo-Paul benko005$ /end
-bash: /end: No such file or directory
maclab-109:Rizzo-Paul benko005$ end
-bash: end: command not found
maclab-109:Rizzo-Paul benko005$ logout
Saving session...
...copying shared history...
...saving history...truncating history files...
...completed.
Deleting expired sessions...none found.

[Process completed]

